Java HotSpot(TM) 64-Bit Server VM (25.121-b13) for windows-amd64 JRE (1.8.0_121-b13), built on Dec 12 2016 18:21:36 by "java_re" with MS VC++ 10.0 (VS2010)
Memory: 4k page, physical 16456360k(5850708k free), swap 31475508k(10186608k free)
CommandLine flags: -XX:InitialHeapSize=524288000 -XX:MaxHeapSize=524288000 -XX:+PrintGC -XX:+PrintGCTimeStamps -XX:+UseCompressedClassPointers -XX:+UseCompressedOops -XX:+UseG1GC -XX:-UseLargePagesIndividualAllocation 
14.824: [GC pause (G1 Evacuation Pause) (young) 26M->11M(500M), 0.0132171 secs]
31.585: [GC pause (G1 Evacuation Pause) (young) 36M->28M(500M), 0.0142745 secs]
50.907: [GC pause (G1 Evacuation Pause) (young) 60M->50M(500M), 0.0168969 secs]
79.400: [GC pause (G1 Evacuation Pause) (young) 93M->77M(500M), 0.0236203 secs]
117.411: [GC pause (G1 Evacuation Pause) (young) 135M->112M(500M), 0.0274648 secs]
166.541: [GC pause (G1 Evacuation Pause) (young) 173M->145M(500M), 0.0326966 secs]
224.675: [GC pause (G1 Evacuation Pause) (young) 232M->199M(500M), 0.0402133 secs]
291.031: [GC pause (G1 Evacuation Pause) (young) 304M->265M(500M), 0.0408509 secs]
374.159: [GC pause (G1 Evacuation Pause) (young) (initial-mark) 368M->319M(500M), 0.0547189 secs]
374.214: [GC concurrent-root-region-scan-start]
374.251: [GC concurrent-root-region-scan-end, 0.0372205 secs]
374.251: [GC concurrent-mark-start]
374.675: [GC concurrent-mark-end, 0.4236062 secs]
374.675: [GC remark, 0.0023733 secs]
374.677: [GC cleanup 320M->274M(500M), 0.0006954 secs]
374.678: [GC concurrent-cleanup-start]
374.678: [GC concurrent-cleanup-end, 0.0000428 secs]
438.267: [GC pause (G1 Evacuation Pause) (young) 387M->351M(500M), 0.0470801 secs]
489.970: [GC pause (G1 Evacuation Pause) (young) 415M->385M(500M), 0.0364357 secs]
523.286: [GC pause (G1 Evacuation Pause) (young) (initial-mark) 426M->407M(500M), 0.0260102 secs]
523.312: [GC concurrent-root-region-scan-start]
523.316: [GC concurrent-root-region-scan-end, 0.0046191 secs]
523.316: [GC concurrent-mark-start]
523.942: [GC concurrent-mark-end, 0.6254719 secs]
523.942: [GC remark, 0.0030208 secs]
523.945: [GC cleanup 408M->385M(500M), 0.0005957 secs]
523.946: [GC concurrent-cleanup-start]
523.946: [GC concurrent-cleanup-end, 0.0000184 secs]
545.123: [GC pause (G1 Evacuation Pause) (young) 411M->399M(500M), 0.0178628 secs]
571.053: [GC pause (G1 Evacuation Pause) (young) 431M->417M(500M), 0.0181690 secs]
572.806: [GC pause (G1 Humongous Allocation) (young) (initial-mark) 419M->422M(500M), 0.0088326 secs]
572.815: [GC concurrent-root-region-scan-start]
572.815: [GC concurrent-root-region-scan-end, 0.0007057 secs]
572.815: [GC concurrent-mark-start]
573.508: [GC concurrent-mark-end, 0.6924044 secs]
573.508: [GC remark, 0.0032030 secs]
573.511: [GC cleanup 475M->475M(500M), 0.0007201 secs]
589.836: [GC pause (G1 Evacuation Pause) (young)-- 496M->498M(500M), 0.2457458 secs]
590.887: [GC pause (G1 Evacuation Pause) (mixed)-- 499M->499M(500M), 0.0853467 secs]
590.973: [GC pause (G1 Evacuation Pause) (young) 499M->499M(500M), 0.0013484 secs]
590.974: [Full GC (Allocation Failure)  499M->416M(500M), 1.0751684 secs]
612.177: [GC pause (G1 Evacuation Pause) (young) 441M->429M(500M), 0.0102044 secs]
629.189: [GC pause (G1 Evacuation Pause) (young) (initial-mark) 450M->443M(500M), 0.0139758 secs]
629.203: [GC concurrent-root-region-scan-start]
629.205: [GC concurrent-root-region-scan-end, 0.0019625 secs]
629.205: [GC concurrent-mark-start]
629.930: [GC concurrent-mark-end, 0.7246645 secs]
629.930: [GC remark, 0.0028874 secs]
629.933: [GC cleanup 444M->444M(500M), 0.0008861 secs]
646.139: [GC pause (G1 Evacuation Pause) (young) 464M->455M(500M), 0.0152079 secs]
663.095: [GC pause (G1 Evacuation Pause) (young) 476M->467M(500M), 0.0113917 secs]
680.090: [GC pause (G1 Evacuation Pause) (young) (initial-mark)-- 488M->486M(500M), 0.0988625 secs]
680.189: [GC concurrent-root-region-scan-start]
680.191: [GC concurrent-root-region-scan-end, 0.0021561 secs]
680.191: [GC concurrent-mark-start]
680.980: [GC concurrent-mark-end, 0.7889632 secs]
680.980: [GC remark, 0.0034060 secs]
680.984: [GC cleanup 487M->487M(500M), 0.0004656 secs]
689.900: [GC pause (G1 Evacuation Pause) (young)-- 498M->498M(500M), 0.2042272 secs]
690.104: [GC pause (G1 Evacuation Pause) (young) 498M->498M(500M), 0.0012348 secs]
690.106: [GC pause (G1 Evacuation Pause) (young) (initial-mark) 498M->498M(500M), 0.0006523 secs]
690.106: [GC concurrent-root-region-scan-start]
690.106: [GC concurrent-root-region-scan-end, 0.0000063 secs]
690.106: [GC concurrent-mark-start]
690.106: [Full GC (Allocation Failure)  498M->477M(500M), 1.2650123 secs]
691.371: [GC concurrent-mark-abort]
709.104: [GC pause (G1 Evacuation Pause) (young)-- 499M->499M(500M), 0.2731519 secs]
709.378: [GC pause (G1 Evacuation Pause) (young) (initial-mark) 499M->499M(500M), 0.0020483 secs]
709.380: [GC concurrent-root-region-scan-start]
709.380: [GC concurrent-root-region-scan-end, 0.0000148 secs]
709.380: [GC concurrent-mark-start]
709.380: [Full GC (Allocation Failure)  499M->488M(500M), 0.9732953 secs]
710.353: [GC concurrent-mark-abort]
719.202: [GC pause (G1 Evacuation Pause) (young)-- 499M->499M(500M), 0.1483172 secs]
719.351: [GC pause (G1 Evacuation Pause) (young) (initial-mark) 499M->499M(500M), 0.0011150 secs]
719.352: [GC concurrent-root-region-scan-start]
719.352: [GC concurrent-root-region-scan-end, 0.0000063 secs]
719.352: [GC concurrent-mark-start]
719.352: [Full GC (Allocation Failure)  499M->493M(500M), 1.0167150 secs]
720.369: [GC concurrent-mark-abort]
725.072: [GC pause (G1 Evacuation Pause) (young)-- 499M->499M(500M), 0.0824599 secs]
725.155: [GC pause (G1 Evacuation Pause) (young) (initial-mark) 499M->499M(500M), 0.0010960 secs]
725.156: [GC concurrent-root-region-scan-start]
725.156: [GC concurrent-root-region-scan-end, 0.0000075 secs]
725.156: [GC concurrent-mark-start]
725.156: [Full GC (Allocation Failure)  499M->496M(500M), 1.0479168 secs]
726.204: [GC concurrent-mark-abort]
728.544: [GC pause (G1 Evacuation Pause) (young)-- 499M->499M(500M), 0.0431664 secs]
728.588: [GC pause (G1 Evacuation Pause) (young) (initial-mark) 499M->499M(500M), 0.0013357 secs]
728.589: [GC concurrent-root-region-scan-start]
728.589: [GC concurrent-root-region-scan-end, 0.0000069 secs]
728.589: [GC concurrent-mark-start]
728.589: [Full GC (Allocation Failure)  499M->497M(500M), 0.9838651 secs]
729.573: [GC concurrent-mark-abort]
730.311: [GC pause (G1 Evacuation Pause) (young)-- 498M->498M(500M), 0.0138999 secs]
730.325: [GC pause (G1 Evacuation Pause) (young) (initial-mark) 498M->498M(500M), 0.0006987 secs]
730.326: [GC concurrent-root-region-scan-start]
730.326: [GC concurrent-root-region-scan-end, 0.0000060 secs]
730.326: [GC concurrent-mark-start]
730.326: [Full GC (Allocation Failure)  498M->498M(500M), 1.0100894 secs]
731.337: [GC concurrent-mark-abort]
732.047: [GC pause (G1 Evacuation Pause) (young)-- 499M->499M(500M), 0.0136439 secs]
732.061: [GC pause (G1 Evacuation Pause) (young) (initial-mark) 499M->499M(500M), 0.0008632 secs]
732.062: [GC concurrent-root-region-scan-start]
732.062: [GC concurrent-root-region-scan-end, 0.0000048 secs]
732.062: [GC concurrent-mark-start]
732.062: [Full GC (Allocation Failure)  499M->498M(500M), 0.9908879 secs]
733.053: [Full GC (Allocation Failure)  498M->498M(500M), 0.9815771 secs]
734.035: [GC pause (G1 Evacuation Pause) (young) 498M->498M(500M), 0.0005659 secs]
734.035: [GC concurrent-mark-abort]
734.035: [GC pause (G1 Evacuation Pause) (young) 498M->498M(500M), 0.0005951 secs]
734.036: [Full GC (Allocation Failure)  498M->498M(500M), 1.0005879 secs]
735.037: [Full GC (Allocation Failure)  498M->498M(500M), 0.9894116 secs]
736.026: [GC pause (G1 Evacuation Pause) (young) 498M->498M(500M), 0.0005659 secs]
736.027: [GC pause (G1 Evacuation Pause) (young) (initial-mark) 498M->498M(500M), 0.0006536 secs]
736.027: [GC concurrent-root-region-scan-start]
736.027: [GC concurrent-root-region-scan-end, 0.0000054 secs]
736.027: [GC concurrent-mark-start]
736.028: [Full GC (Allocation Failure)  498M->498M(500M), 1.2772919 secs]
737.305: [Full GC (Allocation Failure)  498M->498M(500M), 0.9832971 secs]
738.288: [GC concurrent-mark-abort]
738.288: [GC pause (G1 Evacuation Pause) (young) 498M->498M(500M), 0.0007201 secs]
738.289: [GC pause (G1 Evacuation Pause) (young) 498M->498M(500M), 0.0003641 secs]
738.290: [Full GC (Allocation Failure)  498M->1006K(500M), 0.1715848 secs]
