Java HotSpot(TM) 64-Bit Server VM (25.121-b13) for windows-amd64 JRE (1.8.0_121-b13), built on Dec 12 2016 18:21:36 by "java_re" with MS VC++ 10.0 (VS2010)
Memory: 4k page, physical 16456360k(6588052k free), swap 31475928k(10498324k free)
CommandLine flags: -XX:InitialHeapSize=524288000 -XX:MaxHeapSize=524288000 -XX:+PrintGC -XX:+PrintGCTimeStamps -XX:+UseCompressedClassPointers -XX:+UseCompressedOops -XX:-UseLargePagesIndividualAllocation -XX:+UseParallelGC 
76.995: [GC (Allocation Failure)  128512K->57066K(491008K), 0.0432471 secs]
166.469: [GC (Allocation Failure)  185578K->117299K(491008K), 0.0697214 secs]
253.917: [GC (Allocation Failure)  245811K->178072K(491008K), 0.0563238 secs]
335.665: [GC (Allocation Failure)  306584K->237828K(491008K), 0.0678610 secs]
407.727: [GC (Allocation Failure)  366340K->319467K(487936K), 0.0906642 secs]
407.817: [Full GC (Ergonomics)  319467K->294986K(487936K), 1.3998471 secs]
507.625: [Full GC (Ergonomics)  420426K->356083K(487936K), 2.7511602 secs]
576.241: [Full GC (Ergonomics)  440892K->397617K(487936K), 1.5834904 secs]
589.602: [Full GC (Ergonomics)  466916K->423068K(487936K), 1.4214354 secs]
625.300: [Full GC (Ergonomics)  466700K->444723K(487936K), 1.5777737 secs]
644.110: [Full GC (Ergonomics)  466700K->455625K(487936K), 1.5722969 secs]
654.371: [Full GC (Ergonomics)  466700K->461109K(487936K), 1.5616545 secs]
660.233: [Full GC (Ergonomics)  466700K->463860K(487936K), 1.7307953 secs]
664.118: [Full GC (Ergonomics)  466700K->465223K(487936K), 1.6265134 secs]
666.891: [Full GC (Ergonomics)  466698K->465942K(487936K), 1.5419133 secs]
668.960: [Full GC (Ergonomics)  466698K->466296K(487936K), 1.5824591 secs]
670.849: [Full GC (Ergonomics)  466698K->466471K(487936K), 1.5928103 secs]
672.596: [Full GC (Ergonomics)  466698K->466571K(487936K), 1.5241186 secs]
674.182: [Full GC (Ergonomics)  466698K->466627K(487936K), 1.5588403 secs]
675.741: [Full GC (Ergonomics)  466698K->466653K(487936K), 1.6159081 secs]
677.358: [Full GC (Ergonomics)  466698K->466673K(487936K), 1.6098592 secs]
678.968: [Full GC (Ergonomics)  466698K->466677K(487936K), 1.5442532 secs]
680.512: [Full GC (Ergonomics)  466698K->466693K(487936K), 1.5732124 secs]
682.085: [Full GC (Ergonomics)  466698K->466679K(487936K), 1.5631893 secs]
683.649: [Full GC (Ergonomics)  466698K->466698K(487936K), 1.5802172 secs]
685.229: [Full GC (Ergonomics)  466698K->466698K(487936K), 1.5543968 secs]
686.784: [Full GC (Ergonomics)  466698K->466698K(487936K), 1.5686496 secs]
688.353: [Full GC (Ergonomics)  466700K->466700K(487936K), 1.5637194 secs]
689.916: [Full GC (Ergonomics)  466702K->466702K(487936K), 1.5673076 secs]
691.484: [Full GC (Ergonomics)  466703K->466703K(487936K), 1.5241695 secs]
693.008: [Full GC (Ergonomics)  466705K->466705K(487936K), 1.5277767 secs]
694.536: [Full GC (Ergonomics)  466705K->466705K(487936K), 1.5429692 secs]
696.079: [Full GC (Ergonomics)  466707K->466707K(487936K), 1.5409252 secs]
697.620: [Full GC (Ergonomics)  466707K->466707K(487936K), 1.5604618 secs]
699.181: [Full GC (Ergonomics)  466708K->466708K(487936K), 1.6101381 secs]
700.791: [Full GC (Ergonomics)  466710K->466710K(487936K), 1.5781261 secs]
702.370: [Full GC (Ergonomics)  466712K->466712K(487936K), 1.5565541 secs]
703.926: [Full GC (Ergonomics)  466714K->466713K(487936K), 1.5898283 secs]
705.516: [Full GC (Ergonomics)  466715K->466695K(487936K), 1.5298003 secs]
707.046: [Full GC (Ergonomics)  466700K->466691K(487936K), 1.5581862 secs]
708.605: [Full GC (Ergonomics)  466700K->466700K(487936K), 1.5714740 secs]
710.176: [Full GC (Ergonomics)  466700K->466700K(487936K), 1.5292266 secs]
711.706: [Full GC (Ergonomics)  466700K->466700K(487936K), 1.5536038 secs]
713.260: [Full GC (Ergonomics)  466702K->466702K(487936K), 1.5766733 secs]
714.836: [Full GC (Ergonomics)  466704K->466704K(487936K), 1.5440330 secs]
716.381: [Full GC (Ergonomics)  466705K->466705K(487936K), 1.5976767 secs]
717.978: [Full GC (Ergonomics)  466707K->466707K(487936K), 1.6162011 secs]
719.595: [Full GC (Ergonomics)  466709K->466708K(487936K), 1.5618349 secs]
721.157: [Full GC (Ergonomics)  466710K->466710K(487936K), 1.5886703 secs]
722.746: [Full GC (Ergonomics)  466710K->466706K(487936K), 1.7157500 secs]
724.462: [Full GC (Ergonomics)  466708K->466707K(487936K), 1.5807632 secs]
726.043: [Full GC (Ergonomics)  466708K->466708K(487936K), 1.5884020 secs]
727.631: [Full GC (Ergonomics)  466709K->466709K(487936K), 1.5594607 secs]
729.191: [Full GC (Ergonomics)  466712K->466711K(487936K), 1.5786550 secs]
730.770: [Full GC (Ergonomics)  466711K->466711K(487936K), 1.5510341 secs]
732.321: [Full GC (Ergonomics)  466712K->466712K(487936K), 1.7320412 secs]
734.053: [Full GC (Ergonomics)  466714K->466714K(487936K), 1.6367723 secs]
735.690: [Full GC (Ergonomics)  466714K->466714K(487936K), 1.5437101 secs]
737.234: [Full GC (Ergonomics)  466716K->466716K(487936K), 1.5524891 secs]
738.787: [Full GC (Ergonomics)  466717K->466717K(487936K), 1.5917474 secs]
740.379: [Full GC (Ergonomics)  466717K->466717K(487936K), 1.5907276 secs]
741.970: [Full GC (Ergonomics)  466719K->466719K(487936K), 1.5778373 secs]
743.548: [Full GC (Ergonomics)  466721K->466720K(487936K), 1.5323693 secs]
745.080: [Full GC (Ergonomics)  466720K->466720K(487936K), 1.5578531 secs]
746.638: [Full GC (Ergonomics)  466724K->466721K(487936K), 1.5528728 secs]
748.191: [Full GC (Ergonomics)  466721K->466702K(487936K), 1.5580576 secs]
749.749: [Full GC (Ergonomics)  466702K->466702K(487936K), 1.5303289 secs]
751.280: [Full GC (Ergonomics)  466702K->466702K(487936K), 1.5358765 secs]
752.816: [Full GC (Ergonomics)  466704K->466704K(487936K), 1.5852233 secs]
754.401: [Full GC (Ergonomics)  466705K->466705K(487936K), 1.5528852 secs]
755.955: [Full GC (Ergonomics)  466705K->466705K(487936K), 1.5710027 secs]
757.526: [Full GC (Ergonomics)  466705K->466705K(487936K), 1.6014245 secs]
759.127: [Full GC (Ergonomics)  466707K->466707K(487936K), 1.5595902 secs]
760.687: [Full GC (Ergonomics)  466707K->466707K(487936K), 1.5314137 secs]
762.219: [Full GC (Ergonomics)  466707K->466707K(487936K), 1.5621030 secs]
763.781: [Full GC (Ergonomics)  466709K->466708K(487936K), 1.5461900 secs]
765.327: [Full GC (Ergonomics)  466710K->466710K(487936K), 1.5424735 secs]
766.870: [Full GC (Ergonomics)  466710K->466710K(487936K), 1.5533351 secs]
768.423: [Full GC (Ergonomics)  466710K->466710K(487936K), 1.5698546 secs]
769.993: [Full GC (Ergonomics)  466712K->466711K(487936K), 1.5660044 secs]
771.560: [Full GC (Ergonomics)  466711K->466711K(487936K), 1.5800871 secs]
773.140: [Full GC (Ergonomics)  466713K->466713K(487936K), 1.5408845 secs]
774.681: [Full GC (Ergonomics)  466715K->466715K(487936K), 1.5259218 secs]
776.207: [Full GC (Ergonomics)  466716K->466716K(487936K), 1.5508447 secs]
777.758: [Full GC (Ergonomics)  466718K->466717K(487936K), 1.6072137 secs]
779.365: [Full GC (Ergonomics)  466719K->466707K(487936K), 1.5828127 secs]
780.948: [Full GC (Ergonomics)  466719K->466716K(487936K), 1.5619093 secs]
782.511: [Full GC (Ergonomics)  466719K->466718K(487936K), 1.5416766 secs]
784.052: [Full GC (Ergonomics)  466719K->466719K(487936K), 1.5688418 secs]
785.621: [Full GC (Ergonomics)  466720K->466720K(487936K), 1.5348119 secs]
787.156: [Full GC (Ergonomics)  466722K->466722K(487936K), 1.5271470 secs]
788.684: [Full GC (Ergonomics)  466722K->466722K(487936K), 1.5536330 secs]
790.238: [Full GC (Ergonomics)  466724K->466723K(487936K), 1.5554732 secs]
791.793: [Full GC (Ergonomics)  466725K->466725K(487936K), 1.5484817 secs]
793.342: [Full GC (Ergonomics)  466727K->466727K(487936K), 1.5883029 secs]
794.930: [Full GC (Ergonomics)  466729K->466729K(487936K), 1.5778978 secs]
796.508: [Full GC (Ergonomics)  466731K->466731K(487936K), 1.5443342 secs]
798.053: [Full GC (Ergonomics)  466733K->466733K(487936K), 1.6354981 secs]
799.689: [Full GC (Ergonomics)  466735K->466734K(487936K), 1.7078984 secs]
801.397: [Full GC (Ergonomics)  466736K->466716K(487936K), 1.5764621 secs]
802.973: [Full GC (Ergonomics)  466724K->466723K(487936K), 1.5639404 secs]
804.538: [Full GC (Ergonomics)  466724K->466724K(487936K), 1.5463271 secs]
806.084: [Full GC (Ergonomics)  466726K->466726K(487936K), 1.5600637 secs]
807.644: [Full GC (Ergonomics)  466728K->466728K(487936K), 1.5784180 secs]
809.223: [Full GC (Ergonomics)  466729K->466729K(487936K), 1.5438222 secs]
810.767: [Full GC (Ergonomics)  466731K->466731K(487936K), 1.5415823 secs]
812.309: [Full GC (Ergonomics)  466733K->466733K(487936K), 1.6094776 secs]
813.918: [Full GC (Ergonomics)  466734K->466734K(487936K), 1.5416670 secs]
815.460: [Full GC (Ergonomics)  466736K->466736K(487936K), 1.5752659 secs]
817.036: [Full GC (Ergonomics)  466738K->466738K(487936K), 1.5605251 secs]
818.596: [Full GC (Ergonomics)  466740K->466740K(487936K), 1.5379833 secs]
820.134: [Full GC (Ergonomics)  466741K->466741K(487936K), 1.5414293 secs]
821.676: [Full GC (Ergonomics)  466743K->466743K(487936K), 1.5622038 secs]
823.238: [Full GC (Ergonomics)  466744K->466744K(487936K), 1.6035285 secs]
824.842: [Full GC (Ergonomics)  466746K->466746K(487936K), 1.5435752 secs]
826.386: [Full GC (Ergonomics)  466748K->466747K(487936K), 1.5442017 secs]
827.930: [Full GC (Ergonomics)  466749K->466749K(487936K), 1.5610753 secs]
829.492: [Full GC (Ergonomics)  466751K->466751K(487936K), 1.5486238 secs]
831.040: [Full GC (Ergonomics)  466753K->466753K(487936K), 1.5561333 secs]
832.597: [Full GC (Ergonomics)  466755K->466755K(487936K), 1.5730140 secs]
834.170: [Full GC (Ergonomics)  466756K->466756K(487936K), 1.5772840 secs]
835.747: [Full GC (Ergonomics)  466758K->466757K(487936K), 1.5432843 secs]
837.291: [Full GC (Ergonomics)  466759K->466759K(487936K), 1.5292073 secs]
838.820: [Full GC (Ergonomics)  466761K->466759K(487936K), 1.5695739 secs]
840.390: [Full GC (Ergonomics)  466760K->466760K(487936K), 1.6155033 secs]
842.006: [Full GC (Ergonomics)  466762K->466754K(487936K), 1.5844267 secs]
843.590: [Full GC (Ergonomics)  466756K->466737K(487936K), 1.5882977 secs]
845.179: [Full GC (Ergonomics)  466738K->466738K(487936K), 1.6097885 secs]
846.789: [Full GC (Ergonomics)  466740K->466739K(487936K), 1.5941794 secs]
848.383: [Full GC (Ergonomics)  466740K->466739K(487936K), 1.5684671 secs]
849.952: [Full GC (Ergonomics)  466740K->466740K(487936K), 1.5608621 secs]
851.513: [Full GC (Ergonomics)  466742K->466742K(487936K), 1.5420079 secs]
853.055: [Full GC (Ergonomics)  466742K->466740K(487936K), 1.5569899 secs]
854.612: [Full GC (Ergonomics)  466741K->466741K(487936K), 1.5706308 secs]
856.183: [Full GC (Ergonomics)  466743K->466743K(487936K), 1.5659384 secs]
857.749: [Full GC (Ergonomics)  466743K->466743K(487936K), 1.5819246 secs]
859.331: [Full GC (Ergonomics)  466744K->466744K(487936K), 1.5743747 secs]
860.906: [Full GC (Ergonomics)  466746K->466746K(487936K), 1.5520861 secs]
862.458: [Full GC (Ergonomics)  466748K->466748K(487936K), 1.5886959 secs]
864.047: [Full GC (Ergonomics)  466750K->466749K(487936K), 1.5698844 secs]
865.617: [Full GC (Ergonomics)  466751K->466751K(487936K), 1.5546314 secs]
867.172: [Full GC (Ergonomics)  466753K->466753K(487936K), 1.5569477 secs]
868.729: [Full GC (Ergonomics)  466755K->466755K(487936K), 1.5696480 secs]
870.299: [Full GC (Ergonomics)  466756K->466756K(487936K), 1.5975935 secs]
871.896: [Full GC (Ergonomics)  466758K->466758K(487936K), 1.5590686 secs]
873.456: [Full GC (Ergonomics)  466760K->466760K(487936K), 1.5536694 secs]
875.009: [Full GC (Ergonomics)  466761K->466761K(487936K), 1.5564469 secs]
876.566: [Full GC (Ergonomics)  466763K->466763K(487936K), 1.5726080 secs]
878.139: [Full GC (Ergonomics)  466765K->466760K(487936K), 1.5915170 secs]
879.730: [Full GC (Ergonomics)  466760K->466760K(487936K), 1.5547889 secs]
881.285: [Full GC (Ergonomics)  466760K->466760K(487936K), 1.5607206 secs]
882.846: [Full GC (Ergonomics)  466763K->466762K(487936K), 1.5748575 secs]
884.421: [Full GC (Ergonomics)  466762K->466762K(487936K), 1.5703729 secs]
885.992: [Full GC (Ergonomics)  466764K->466764K(487936K), 1.5963882 secs]
887.588: [Full GC (Ergonomics)  466764K->466764K(487936K), 1.5630206 secs]
889.152: [Full GC (Ergonomics)  466766K->466765K(487936K), 1.6104044 secs]
890.762: [Full GC (Ergonomics)  466765K->466765K(487936K), 1.5703985 secs]
892.333: [Full GC (Ergonomics)  466765K->466765K(487936K), 1.5713171 secs]
893.904: [Full GC (Ergonomics)  466766K->466766K(487936K), 1.5655583 secs]
895.470: [Full GC (Ergonomics)  466768K->466768K(487936K), 1.5433671 secs]
897.014: [Full GC (Ergonomics)  466770K->466769K(487936K), 1.5836846 secs]
898.597: [Full GC (Ergonomics)  466771K->466771K(487936K), 1.5643398 secs]
900.162: [Full GC (Ergonomics)  466773K->466772K(487936K), 1.5565490 secs]
901.719: [Full GC (Ergonomics)  466774K->466774K(487936K), 1.5261079 secs]
903.245: [Full GC (Ergonomics)  466775K->466756K(487936K), 1.5758354 secs]
904.821: [Full GC (Ergonomics)  466756K->466756K(487936K), 1.5665477 secs]
906.388: [Full GC (Ergonomics)  466756K->466756K(487936K), 1.5934015 secs]
907.981: [Full GC (Ergonomics)  466758K->466758K(487936K), 1.5614925 secs]
909.543: [Full GC (Ergonomics)  466760K->466759K(487936K), 1.5949049 secs]
911.138: [Full GC (Ergonomics)  466759K->466759K(487936K), 1.5586141 secs]
912.697: [Full GC (Ergonomics)  466761K->466761K(487936K), 1.5938138 secs]
914.291: [Full GC (Ergonomics)  466763K->466762K(487936K), 1.5735886 secs]
915.865: [Full GC (Ergonomics)  466764K->466764K(487936K), 1.5848107 secs]
917.450: [Full GC (Ergonomics)  466766K->466765K(487936K), 1.5760829 secs]
919.026: [Full GC (Ergonomics)  466767K->466767K(487936K), 1.5878686 secs]
920.614: [Full GC (Ergonomics)  466769K->466769K(487936K), 1.5539742 secs]
922.168: [Full GC (Ergonomics)  466771K->466770K(487936K), 1.5459075 secs]
923.714: [Full GC (Ergonomics)  466772K->466771K(487936K), 1.6106655 secs]
925.325: [Full GC (Ergonomics)  466772K->466772K(487936K), 1.5900352 secs]
926.915: [Full GC (Ergonomics)  466773K->466773K(487936K), 1.5810204 secs]
928.496: [Full GC (Ergonomics)  466775K->466775K(487936K), 1.5729926 secs]
930.070: [Full GC (Ergonomics)  466776K->466776K(487936K), 1.5784496 secs]
931.648: [Full GC (Ergonomics)  466778K->466778K(487936K), 1.5478685 secs]
933.196: [Full GC (Ergonomics)  466780K->466779K(487936K), 1.5490852 secs]
934.746: [Full GC (Ergonomics)  466781K->466781K(487936K), 1.5801039 secs]
936.326: [Full GC (Ergonomics)  466781K->466781K(487936K), 1.5319185 secs]
937.858: [Full GC (Ergonomics)  466783K->466783K(487936K), 1.5643181 secs]
939.422: [Full GC (Ergonomics)  466785K->466784K(487936K), 1.5635971 secs]
940.986: [Full GC (Ergonomics)  466786K->466786K(487936K), 1.5541880 secs]
942.541: [Full GC (Ergonomics)  466787K->466787K(487936K), 1.5717520 secs]
944.112: [Full GC (Ergonomics)  466789K->466789K(487936K), 1.5448353 secs]
945.658: [Full GC (Ergonomics)  466790K->466790K(487936K), 1.5447700 secs]
947.202: [Full GC (Ergonomics)  466792K->466792K(487936K), 1.5652373 secs]
948.768: [Full GC (Ergonomics)  466794K->466794K(487936K), 1.5349760 secs]
950.303: [Full GC (Ergonomics)  466795K->466795K(487936K), 1.5972779 secs]
951.901: [Full GC (Ergonomics)  466797K->466796K(487936K), 1.5545040 secs]
953.455: [Full GC (Ergonomics)  466798K->466778K(487936K), 1.5837982 secs]
955.039: [Full GC (Ergonomics)  466778K->466778K(487936K), 1.5428268 secs]
956.582: [Full GC (Ergonomics)  466780K->466780K(487936K), 1.5718833 secs]
958.154: [Full GC (Ergonomics)  466782K->466781K(487936K), 1.5788164 secs]
959.733: [Full GC (Ergonomics)  466783K->466783K(487936K), 1.5931560 secs]
961.327: [Full GC (Ergonomics)  466785K->466785K(487936K), 1.5508369 secs]
962.878: [Full GC (Ergonomics)  466787K->466787K(487936K), 1.5504607 secs]
964.428: [Full GC (Ergonomics)  466788K->466788K(487936K), 1.5603646 secs]
965.989: [Full GC (Ergonomics)  466790K->466790K(487936K), 1.5710157 secs]
967.560: [Full GC (Ergonomics)  466792K->466791K(487936K), 1.5529915 secs]
969.113: [Full GC (Ergonomics)  466793K->466793K(487936K), 1.5446995 secs]
970.658: [Full GC (Ergonomics)  466795K->466795K(487936K), 1.5559445 secs]
972.214: [Full GC (Ergonomics)  466797K->466796K(487936K), 1.5437722 secs]
973.758: [Full GC (Ergonomics)  466799K->466798K(487936K), 1.5652587 secs]
975.324: [Full GC (Ergonomics)  466801K->466801K(487936K), 1.5948477 secs]
976.919: [Full GC (Ergonomics)  466803K->466802K(487936K), 1.5518238 secs]
978.471: [Full GC (Ergonomics)  466804K->466804K(487936K), 1.5427903 secs]
980.014: [Full GC (Ergonomics)  466806K->466806K(487936K), 1.5866127 secs]
981.601: [Full GC (Ergonomics)  466808K->466807K(487936K), 1.5883285 secs]
983.189: [Full GC (Ergonomics)  466809K->466809K(487936K), 1.5542365 secs]
984.744: [Full GC (Ergonomics)  466811K->466811K(487936K), 1.5509335 secs]
986.295: [Full GC (Ergonomics)  466813K->466813K(487936K), 1.5274873 secs]
987.822: [Full GC (Ergonomics)  466814K->466814K(487936K), 1.5548299 secs]
989.377: [Full GC (Ergonomics)  466816K->466816K(487936K), 1.5627315 secs]
990.940: [Full GC (Ergonomics)  466817K->466817K(487936K), 1.5799458 secs]
992.521: [Full GC (Ergonomics)  466819K->466819K(487936K), 1.5499641 secs]
994.071: [Full GC (Ergonomics)  466821K->466821K(487936K), 1.5904521 secs]
995.661: [Full GC (Ergonomics)  466823K->466823K(487936K), 1.5704850 secs]
997.232: [Full GC (Ergonomics)  466825K->466825K(487936K), 1.5485238 secs]
998.781: [Full GC (Ergonomics)  466827K->466827K(487936K), 1.5506971 secs]
1000.332: [Full GC (Ergonomics)  466829K->466828K(487936K), 1.5419037 secs]
1001.874: [Full GC (Ergonomics)  466830K->466808K(487936K), 1.5863470 secs]
1003.460: [Full GC (Ergonomics)  466810K->466810K(487936K), 1.5907674 secs]
1005.051: [Full GC (Ergonomics)  466811K->466803K(487936K), 1.5705588 secs]
1006.622: [Full GC (Ergonomics)  466805K->466805K(487936K), 1.5527153 secs]
1008.175: [Full GC (Ergonomics)  466807K->466807K(487936K), 1.5562113 secs]
1009.731: [Full GC (Ergonomics)  466809K->466808K(487936K), 1.5700823 secs]
1011.301: [Full GC (Ergonomics)  466810K->466810K(487936K), 1.6144636 secs]
1012.916: [Full GC (Ergonomics)  466811K->466811K(487936K), 1.5881652 secs]
1014.505: [Full GC (Ergonomics)  466813K->466813K(487936K), 1.5820420 secs]
1016.087: [Full GC (Ergonomics)  466815K->466815K(487936K), 1.6169977 secs]
1017.704: [Full GC (Ergonomics)  466817K->466817K(487936K), 1.5531966 secs]
1019.257: [Full GC (Ergonomics)  466819K->466819K(487936K), 1.5360892 secs]
1020.794: [Full GC (Ergonomics)  466820K->466820K(487936K), 1.5856290 secs]
1022.379: [Full GC (Ergonomics)  466822K->466822K(487936K), 1.5585367 secs]
1023.938: [Full GC (Ergonomics)  466824K->466824K(487936K), 1.5897006 secs]
1025.528: [Full GC (Ergonomics)  466826K->466826K(487936K), 1.5577702 secs]
1027.086: [Full GC (Ergonomics)  466827K->466827K(487936K), 1.5521982 secs]
1028.638: [Full GC (Ergonomics)  466829K->466829K(487936K), 1.5983013 secs]
1030.237: [Full GC (Ergonomics)  466831K->466831K(487936K), 1.5604287 secs]
1031.797: [Full GC (Ergonomics)  466833K->466833K(487936K), 1.6142944 secs]
1033.412: [Full GC (Ergonomics)  466834K->466834K(487936K), 1.5767991 secs]
1034.989: [Full GC (Ergonomics)  466836K->466835K(487936K), 1.5433035 secs]
1036.532: [Full GC (Ergonomics)  466836K->466836K(487936K), 1.5539959 secs]
1038.087: [Full GC (Ergonomics)  466838K->466838K(487936K), 1.5889886 secs]
1039.676: [Full GC (Ergonomics)  466840K->466840K(487936K), 1.5815640 secs]
1041.258: [Full GC (Ergonomics)  466842K->466842K(487936K), 1.5980101 secs]
1042.856: [Full GC (Ergonomics)  466845K->466839K(487936K), 1.6165764 secs]
1044.473: [Full GC (Ergonomics)  466841K->466821K(487936K), 1.5680120 secs]
1046.041: [Full GC (Ergonomics)  466823K->466822K(487936K), 1.5532890 secs]
1047.594: [Full GC (Ergonomics)  466824K->466823K(487936K), 1.6144727 secs]
1049.209: [Full GC (Ergonomics)  466824K->466824K(487936K), 1.5485832 secs]
1050.758: [Full GC (Ergonomics)  466826K->466826K(487936K), 1.5681834 secs]
1052.326: [Full GC (Ergonomics)  466828K->466827K(487936K), 1.5729944 secs]
1053.899: [Full GC (Ergonomics)  466829K->466829K(487936K), 1.5349218 secs]
1055.434: [Full GC (Ergonomics)  466831K->466830K(487936K), 1.5783132 secs]
1057.013: [Full GC (Ergonomics)  466833K->466832K(487936K), 1.5974887 secs]
1058.611: [Full GC (Ergonomics)  466834K->466834K(487936K), 1.5522563 secs]
1060.163: [Full GC (Ergonomics)  466836K->466835K(487936K), 1.6018085 secs]
1061.765: [Full GC (Ergonomics)  466837K->466837K(487936K), 1.5589518 secs]
1063.324: [Full GC (Ergonomics)  466838K->466838K(487936K), 1.5747177 secs]
1064.899: [Full GC (Ergonomics)  466841K->466840K(487936K), 1.5454289 secs]
1066.445: [Full GC (Ergonomics)  466842K->466842K(487936K), 1.6021199 secs]
1068.047: [Full GC (Ergonomics)  466843K->466843K(487936K), 1.6028720 secs]
1069.650: [Full GC (Ergonomics)  466845K->466844K(487936K), 1.5927217 secs]
1071.243: [Full GC (Ergonomics)  466846K->466846K(487936K), 1.5845836 secs]
1072.828: [Full GC (Ergonomics)  466848K->466848K(487936K), 1.5705518 secs]
1074.398: [Full GC (Ergonomics)  466850K->466849K(487936K), 1.5950224 secs]
1075.994: [Full GC (Ergonomics)  466850K->466850K(487936K), 1.5846635 secs]
1077.578: [Full GC (Ergonomics)  466852K->466852K(487936K), 1.5554494 secs]
1079.134: [Full GC (Ergonomics)  466854K->466853K(487936K), 1.5549711 secs]
1080.689: [Full GC (Ergonomics)  466855K->466855K(487936K), 1.6001294 secs]
1082.290: [Full GC (Ergonomics)  466857K->466856K(487936K), 1.5670043 secs]
1083.857: [Full GC (Ergonomics)  466859K->466846K(487936K), 1.5827992 secs]
1085.440: [Full GC (Ergonomics)  466847K->466826K(487936K), 1.5377878 secs]
1086.978: [Full GC (Ergonomics)  466828K->466828K(487936K), 1.5803084 secs]
1088.558: [Full GC (Ergonomics)  466828K->466828K(487936K), 1.5986139 secs]
1090.157: [Full GC (Ergonomics)  466830K->466829K(487936K), 1.6006192 secs]
1091.758: [Full GC (Ergonomics)  466831K->466831K(487936K), 1.5802798 secs]
1093.338: [Full GC (Ergonomics)  466833K->466833K(487936K), 1.5724577 secs]
1094.911: [Full GC (Ergonomics)  466835K->466835K(487936K), 1.5978197 secs]
1096.509: [Full GC (Ergonomics)  466836K->466836K(487936K), 1.5544561 secs]
1098.064: [Full GC (Ergonomics)  466838K->466838K(487936K), 1.5970159 secs]
1099.661: [Full GC (Ergonomics)  466840K->466839K(487936K), 1.5807491 secs]
1101.242: [Full GC (Ergonomics)  466841K->466841K(487936K), 1.5486976 secs]
1102.791: [Full GC (Ergonomics)  466843K->466843K(487936K), 1.5716819 secs]
1104.362: [Full GC (Ergonomics)  466844K->466844K(487936K), 1.5963184 secs]
1105.959: [Full GC (Ergonomics)  466846K->466846K(487936K), 1.5814171 secs]
1107.541: [Full GC (Ergonomics)  466848K->466848K(487936K), 1.5698579 secs]
1109.111: [Full GC (Ergonomics)  466850K->466849K(487936K), 1.5636576 secs]
1110.675: [Full GC (Ergonomics)  466851K->466851K(487936K), 1.5657442 secs]
1112.240: [Full GC (Ergonomics)  466853K->466853K(487936K), 1.5623659 secs]
1113.803: [Full GC (Ergonomics)  466855K->466855K(487936K), 1.5659854 secs]
1115.369: [Full GC (Ergonomics)  466857K->466856K(487936K), 1.5529948 secs]
1116.922: [Full GC (Ergonomics)  466858K->466858K(487936K), 1.5605739 secs]
1118.483: [Full GC (Ergonomics)  466859K->466859K(487936K), 1.5572609 secs]
1120.041: [Full GC (Ergonomics)  466861K->466861K(487936K), 1.5807072 secs]
1121.621: [Full GC (Ergonomics)  466863K->466863K(487936K), 1.6058864 secs]
1123.228: [Full GC (Ergonomics)  466865K->466865K(487936K), 1.5729119 secs]
1124.801: [Full GC (Ergonomics)  466867K->466867K(487936K), 1.5467517 secs]
1126.348: [Full GC (Ergonomics)  466869K->466869K(487936K), 1.5755357 secs]
1127.923: [Full GC (Ergonomics)  466871K->466871K(487936K), 1.5821845 secs]
1129.506: [Full GC (Ergonomics)  466873K->466873K(487936K), 1.5761522 secs]
1131.082: [Full GC (Ergonomics)  466874K->466874K(487936K), 1.5893871 secs]
1132.672: [Full GC (Ergonomics)  466876K->466876K(487936K), 1.6301191 secs]
1134.302: [Full GC (Ergonomics)  466878K->466878K(487936K), 1.5774087 secs]
1135.879: [Full GC (Ergonomics)  466880K->466860K(487936K), 1.5567529 secs]
1137.436: [Full GC (Ergonomics)  466861K->466861K(487936K), 1.5685828 secs]
1139.005: [Full GC (Ergonomics)  466863K->466863K(487936K), 1.5491729 secs]
1140.555: [Full GC (Ergonomics)  466865K->466865K(487936K), 1.5319363 secs]
1142.087: [Full GC (Ergonomics)  466867K->466867K(487936K), 1.5976306 secs]
1143.684: [Full GC (Ergonomics)  466869K->466869K(487936K), 1.5655454 secs]
1145.250: [Full GC (Ergonomics)  466870K->466870K(487936K), 1.5745533 secs]
1146.825: [Full GC (Ergonomics)  466872K->466871K(487936K), 1.6070990 secs]
1148.432: [Full GC (Ergonomics)  466873K->466873K(487936K), 1.5747268 secs]
1150.007: [Full GC (Ergonomics)  466875K->466875K(487936K), 1.6081025 secs]
1151.615: [Full GC (Ergonomics)  466876K->466874K(487936K), 1.5874273 secs]
1153.203: [Full GC (Ergonomics)  466876K->466868K(487936K), 1.5702567 secs]
1154.774: [Full GC (Ergonomics)  466870K->466870K(487936K), 1.5697236 secs]
1156.343: [Full GC (Ergonomics)  466871K->466871K(487936K), 1.5535474 secs]
1157.897: [Full GC (Ergonomics)  466873K->466873K(487936K), 1.5651003 secs]
1159.462: [Full GC (Ergonomics)  466875K->466875K(487936K), 1.5664637 secs]
1161.029: [Full GC (Ergonomics)  466877K->466877K(487936K), 1.5735184 secs]
1162.603: [Full GC (Ergonomics)  466878K->466878K(487936K), 1.5905695 secs]
1164.194: [Full GC (Ergonomics)  466880K->466880K(487936K), 1.6024109 secs]
1165.796: [Full GC (Ergonomics)  466882K->466880K(487936K), 1.5815321 secs]
1167.378: [Full GC (Ergonomics)  466882K->466882K(487936K), 1.6229384 secs]
1169.001: [Full GC (Ergonomics)  466884K->466884K(487936K), 1.5611967 secs]
1170.562: [Full GC (Ergonomics)  466885K->466885K(487936K), 1.5521151 secs]
1172.115: [Full GC (Ergonomics)  466887K->466887K(487936K), 1.5574320 secs]
1173.672: [Full GC (Ergonomics)  466889K->466889K(487936K), 1.5614705 secs]
1175.234: [Full GC (Ergonomics)  466891K->466891K(487936K), 1.5821911 secs]
1176.816: [Full GC (Ergonomics)  466893K->466893K(487936K), 1.5833268 secs]
1178.400: [Full GC (Ergonomics)  466894K->466894K(487936K), 1.5678816 secs]
1179.968: [Full GC (Ergonomics)  466896K->466891K(487936K), 1.5347833 secs]
1181.503: [Full GC (Ergonomics)  466893K->466873K(487936K), 1.5607350 secs]
1183.064: [Full GC (Ergonomics)  466875K->466875K(487936K), 1.5767817 secs]
1184.641: [Full GC (Ergonomics)  466876K->466876K(487936K), 1.5819755 secs]
1186.223: [Full GC (Ergonomics)  466878K->466877K(487936K), 1.5611067 secs]
1187.784: [Full GC (Ergonomics)  466879K->466879K(487936K), 1.5847249 secs]
1189.369: [Full GC (Ergonomics)  466881K->466881K(487936K), 1.6210726 secs]
1190.991: [Full GC (Ergonomics)  466883K->466882K(487936K), 1.5569411 secs]
1192.548: [Full GC (Ergonomics)  466884K->466884K(487936K), 1.5807635 secs]
1194.129: [Full GC (Ergonomics)  466886K->466885K(487936K), 1.5753032 secs]
1195.704: [Full GC (Ergonomics)  466887K->466887K(487936K), 1.5723423 secs]
1197.277: [Full GC (Ergonomics)  466889K->466889K(487936K), 1.5391699 secs]
1198.816: [Full GC (Ergonomics)  466891K->466891K(487936K), 1.5730462 secs]
1200.389: [Full GC (Ergonomics)  466892K->466892K(487936K), 1.5576386 secs]
1201.947: [Full GC (Ergonomics)  466894K->466894K(487936K), 1.5549991 secs]
1203.502: [Full GC (Ergonomics)  466896K->466896K(487936K), 1.5718041 secs]
1205.074: [Full GC (Ergonomics)  466898K->466898K(487936K), 1.5658159 secs]
1206.640: [Full GC (Ergonomics)  466899K->466899K(487936K), 1.5645202 secs]
1208.205: [Full GC (Ergonomics)  466901K->466901K(487936K), 1.6079983 secs]
1209.813: [Full GC (Ergonomics)  466903K->466903K(487936K), 1.5695007 secs]
1211.383: [Full GC (Ergonomics)  466905K->466905K(487936K), 1.5533975 secs]
1212.936: [Full GC (Ergonomics)  466906K->466906K(487936K), 1.5600170 secs]
1214.497: [Full GC (Ergonomics)  466908K->466908K(487936K), 1.5327386 secs]
1216.029: [Full GC (Ergonomics)  466910K->466910K(487936K), 1.5692496 secs]
1217.599: [Full GC (Ergonomics)  466912K->466907K(487936K), 1.5707437 secs]
1219.170: [Full GC (Ergonomics)  466909K->466909K(487936K), 1.5703964 secs]
1220.740: [Full GC (Ergonomics)  466910K->466910K(487936K), 1.5298211 secs]
1222.270: [Full GC (Ergonomics)  466912K->466912K(487936K), 1.5487030 secs]
1223.819: [Full GC (Ergonomics)  466914K->466913K(487936K), 1.5498815 secs]
1225.369: [Full GC (Ergonomics)  466914K->466895K(487936K), 1.5446878 secs]
1226.914: [Full GC (Ergonomics)  466897K->466896K(487936K), 1.5682635 secs]
1228.483: [Full GC (Ergonomics)  466898K->466898K(487936K), 1.5954386 secs]
1230.078: [Full GC (Ergonomics)  466899K->466899K(487936K), 1.5965593 secs]
1231.675: [Full GC (Ergonomics)  466901K->466901K(487936K), 1.5476317 secs]
1233.223: [Full GC (Ergonomics)  466903K->466903K(487936K), 1.5972294 secs]
1234.820: [Full GC (Ergonomics)  466904K->466904K(487936K), 1.5341339 secs]
1236.354: [Full GC (Ergonomics)  466906K->466906K(487936K), 1.5622451 secs]
1237.917: [Full GC (Ergonomics)  466907K->466907K(487936K), 1.5508191 secs]
1239.468: [Full GC (Ergonomics)  466909K->466909K(487936K), 1.5651924 secs]
1241.033: [Full GC (Ergonomics)  466911K->466911K(487936K), 1.5796308 secs]
1242.613: [Full GC (Ergonomics)  466913K->466912K(487936K), 1.5791766 secs]
1244.192: [Full GC (Ergonomics)  466914K->466914K(487936K), 1.5460421 secs]
1245.739: [Full GC (Ergonomics)  466916K->466916K(487936K), 1.5476305 secs]
1247.286: [Full GC (Ergonomics)  466918K->466918K(487936K), 1.5392419 secs]
1248.826: [Full GC (Ergonomics)  466919K->466919K(487936K), 1.5759143 secs]
1250.402: [Full GC (Ergonomics)  466921K->466921K(487936K), 1.5375378 secs]
1251.940: [Full GC (Ergonomics)  466923K->466923K(487936K), 1.5470794 secs]
1253.487: [Full GC (Ergonomics)  466925K->466925K(487936K), 1.5613407 secs]
1255.048: [Full GC (Ergonomics)  466926K->466926K(487936K), 1.5439676 secs]
1256.593: [Full GC (Ergonomics)  466928K->466928K(487936K), 1.5855953 secs]
1258.178: [Full GC (Ergonomics)  466930K->466930K(487936K), 1.5569926 secs]
1259.735: [Full GC (Ergonomics)  466931K->466931K(487936K), 1.5445257 secs]
1261.280: [Full GC (Ergonomics)  466933K->466933K(487936K), 1.5780213 secs]
1262.858: [Full GC (Ergonomics)  466935K->466930K(487936K), 1.5982600 secs]
1264.457: [Full GC (Ergonomics)  466932K->466932K(487936K), 1.5670823 secs]
1266.024: [Full GC (Ergonomics)  466934K->466934K(487936K), 1.5874635 secs]
1267.612: [Full GC (Ergonomics)  466935K->466935K(487936K), 1.5549425 secs]
1269.167: [Full GC (Ergonomics)  466937K->466916K(487936K), 1.5930247 secs]
1270.760: [Full GC (Ergonomics)  466918K->466918K(487936K), 1.5878517 secs]
1272.348: [Full GC (Ergonomics)  466920K->466920K(487936K), 1.6080697 secs]
1273.956: [Full GC (Ergonomics)  466921K->466921K(487936K), 1.6049636 secs]
1275.561: [Full GC (Ergonomics)  466923K->466923K(487936K), 1.5751641 secs]
1277.137: [Full GC (Ergonomics)  466925K->466924K(487936K), 1.5394879 secs]
1278.676: [Full GC (Ergonomics)  466926K->466926K(487936K), 1.5772304 secs]
1280.254: [Full GC (Ergonomics)  466927K->466927K(487936K), 1.6025660 secs]
1281.857: [Full GC (Ergonomics)  466929K->466929K(487936K), 1.6185370 secs]
1283.475: [Full GC (Ergonomics)  466931K->466931K(487936K), 1.5564695 secs]
1285.032: [Full GC (Ergonomics)  466933K->466933K(487936K), 1.5742900 secs]
1286.606: [Full GC (Ergonomics)  466935K->466935K(487936K), 1.6078296 secs]
1288.214: [Full GC (Ergonomics)  466937K->466937K(487936K), 1.5514693 secs]
1289.766: [Full GC (Ergonomics)  466939K->466939K(487936K), 1.5449847 secs]
1291.311: [Full GC (Ergonomics)  466941K->466941K(487936K), 1.5980149 secs]
1292.909: [Full GC (Ergonomics)  466942K->466942K(487936K), 1.6024253 secs]
1294.512: [Full GC (Ergonomics)  466943K->466943K(487936K), 1.5500324 secs]
1296.062: [Full GC (Allocation Failure)  466943K->466942K(487936K), 1.5798001 secs]
1297.642: [Full GC (Ergonomics)  466942K->466942K(487936K), 1.6059114 secs]
1299.248: [Full GC (Ergonomics)  466943K->466943K(487936K), 1.6021527 secs]
1300.851: [Full GC (Ergonomics)  466943K->466943K(487936K), 1.5807313 secs]
1302.431: [Full GC (Allocation Failure)  466943K->466943K(487936K), 1.6310416 secs]
1304.063: [Full GC (Ergonomics)  466943K->466943K(487936K), 1.5590174 secs]
1305.622: [Full GC (Allocation Failure)  466943K->466943K(487936K), 1.6522919 secs]
1307.274: [Full GC (Ergonomics)  466943K->466943K(487936K), 1.6448704 secs]
1308.919: [Full GC (Allocation Failure)  466943K->466943K(487936K), 1.5371394 secs]
1310.456: [Full GC (Ergonomics)  466943K->466943K(487936K), 1.6175853 secs]
1312.074: [Full GC (Ergonomics)  466943K->1009K(487936K), 0.0086612 secs]
