Java HotSpot(TM) 64-Bit Server VM (25.121-b13) for windows-amd64 JRE (1.8.0_121-b13), built on Dec 12 2016 18:21:36 by "java_re" with MS VC++ 10.0 (VS2010)
Memory: 4k page, physical 16456360k(6424912k free), swap 31475928k(10185908k free)
CommandLine flags: -XX:InitialHeapSize=524288000 -XX:MaxHeapSize=524288000 -XX:+PrintGC -XX:+PrintGCTimeStamps -XX:+UseCompressedClassPointers -XX:+UseCompressedOops -XX:-UseLargePagesIndividualAllocation -XX:+UseSerialGC 
83.027: [GC (Allocation Failure)  136576K->60757K(494976K), 0.1106726 secs]
169.487: [GC (Allocation Failure)  186656K->118944K(494976K), 0.1318880 secs]
254.149: [GC (Allocation Failure)  245225K->177706K(494976K), 0.1173466 secs]
342.424: [GC (Allocation Failure)  314282K->241264K(494976K), 0.1423789 secs]
420.804: [GC (Allocation Failure)  377840K->326672K(494976K), 0.1590291 secs]
528.213: [Full GC (Allocation Failure)  463248K->370307K(494976K), 0.6828104 secs]
572.822: [Full GC (Allocation Failure)  427232K->398040K(494976K), 0.6219533 secs]
606.939: [Full GC (Allocation Failure)  494975K->437219K(494976K), 0.7272191 secs]
653.169: [Full GC (Allocation Failure)  494975K->465493K(494976K), 0.9103414 secs]
677.166: [Full GC (Allocation Failure)  494975K->480092K(494976K), 0.7419773 secs]
689.673: [Full GC (Allocation Failure)  494975K->487524K(494976K), 0.7041514 secs]
696.250: [Full GC (Allocation Failure)  494975K->491235K(494976K), 0.7056203 secs]
699.898: [Full GC (Allocation Failure)  494975K->493090K(494976K), 0.9211681 secs]
702.305: [Full GC (Allocation Failure)  494975K->494009K(494976K), 0.7009391 secs]
703.749: [Full GC (Allocation Failure)  494975K->494477K(494976K), 0.6962790 secs]
704.816: [Full GC (Allocation Failure)  494975K->494712K(494976K), 0.7022028 secs]
705.705: [Full GC (Allocation Failure)  494975K->494829K(494976K), 0.7136114 secs]
706.511: [Full GC (Allocation Failure)  494975K->494887K(494976K), 0.7092516 secs]
707.252: [Full GC (Allocation Failure)  494975K->494927K(494976K), 0.7417382 secs]
708.023: [Full GC (Allocation Failure)  494975K->494927K(494976K), 0.7076984 secs]
708.732: [Full GC (Allocation Failure)  494975K->494967K(494976K), 0.7168825 secs]
709.449: [Full GC (Allocation Failure)  494975K->494956K(494976K), 0.6988556 secs]
710.148: [Full GC (Allocation Failure)  494975K->494975K(494976K), 0.7130663 secs]
710.861: [Full GC (Allocation Failure)  494975K->494975K(494976K), 0.7029519 secs]
711.565: [Full GC (Allocation Failure)  494975K->494975K(494976K), 0.7037361 secs]
712.269: [Full GC (Allocation Failure)  494975K->494975K(494976K), 0.7035855 secs]
712.972: [Full GC (Allocation Failure)  494975K->494971K(494976K), 0.9245250 secs]
713.897: [Full GC (Allocation Failure)  494975K->494975K(494976K), 0.6979957 secs]
714.595: [Full GC (Allocation Failure)  494975K->494975K(494976K), 0.7141159 secs]
715.310: [Full GC (Allocation Failure)  494975K->494975K(494976K), 0.6994492 secs]
716.009: [Full GC (Allocation Failure)  494975K->494975K(494976K), 0.6939813 secs]
716.704: [Full GC (Allocation Failure)  494975K->494975K(494976K), 0.6877867 secs]
717.392: [Full GC (Allocation Failure)  494975K->1006K(494976K), 0.1150920 secs]
